////////////////////////////////////////////////////////////////////////////////
///////////////////InstallShield Media Library Report Summary///////////////////
////////////////////////////////////////////////////////////////////////////////

Media Name      : CD-ROM
Report Filename : D:\My Installations\Executor 2.0q Demo\Media\CD-ROM\Report Files\10-07-1997 2.58.34PM.rpt
Date            : 10/07/1997
Time            : 2:58PM

Number of Components:                1 
Number of File Groups:               1 
Number of Files:                   133 
Total Size of Files:        11,027,606 (bytes)

==========
COMPONENTS
==========


     Executor


////////////////////////////////////////////////////////////////////////////////
/////////////////////////////////Report Details/////////////////////////////////
////////////////////////////////////////////////////////////////////////////////


================================================================================
                             COMPONENT: "Executor"
================================================================================

SUMMARY:
    Total Files:              133 (files for this component only)
    Source Bytes:      11,027,606 (files for this component only)


                        **** File Group: "Executor" ****


<Directory>: I:\executor.20q

    Filename                    Date        Time      Size         Version      
    --------------------------  ----------  --------  -----------  -------------
    tips.txt                    10/03/1997  13:56:16        2,160               
    box.exe                     09/27/1997  14:06:08       19,139               
    box.txt                     10/01/1997  13:22:08          250               
    cwsdpmi.exe                 06/10/1997  18:26:32       20,217               
    emu387.dxe                  06/10/1997  18:27:34       61,420               
    executor.exe                10/03/1997  12:50:16    1,989,632               
    executor.pif                10/07/1997  14:26:36          967               
    exsystem.hfv                10/01/1997  23:27:02    6,291,456               
    extemp.hfv                  06/10/1997  19:43:12    2,097,152               
    makehfv.exe                 08/11/1996  23:12:46      110,108               
    print.bat                   10/02/1997  21:23:04          852               
    printdef.ini                10/01/1997  22:32:20           99               
    printers.ini                10/03/1997  14:50:32        1,997               
    readme.txt                  10/03/1997  14:41:38        2,017               
    --------------------------  ----------  --------  -----------  -------------
    Count=14                                           10,597,466               


<Directory>: I:\executor.20q\docs

    Filename                    Date        Time      Size         Version      
    --------------------------  ----------  --------  -----------  -------------
    readme                      06/10/1997  20:03:46          589               
    --------------------------  ----------  --------  -----------  -------------
    Count=1                                                   589               


<Directory>: I:\executor.20q\docs\cwsdpmi

    Filename                    Date        Time      Size         Version      
    --------------------------  ----------  --------  -----------  -------------
    cwsdpmi.doc                 06/10/1997  19:14:50        7,186               
    --------------------------  ----------  --------  -----------  -------------
    Count=1                                                 7,186               


<Directory>: I:\executor.20q\docs\djgpp

    Filename                    Date        Time      Size         Version      
    --------------------------  ----------  --------  -----------  -------------
    copying.dj                  06/10/1997  19:37:16        1,620               
    --------------------------  ----------  --------  -----------  -------------
    Count=1                                                 1,620               


<Directory>: I:\executor.20q\docs\wmemu387

    Filename                    Date        Time      Size         Version      
    --------------------------  ----------  --------  -----------  -------------
    linux.txt                   06/10/1997  19:38:30       16,359               
    copying                     06/10/1997  19:39:56       18,323               
    djgpp.txt                   06/10/1997  19:39:18          899               
    --------------------------  ----------  --------  -----------  -------------
    Count=3                                                35,581               


<Directory>: I:\executor.20q\splash

    Filename                    Date        Time      Size         Version      
    --------------------------  ----------  --------  -----------  -------------
    splash.1bp                  08/11/1996  23:12:46       38,488               
    splash.8bp                  09/30/1997  09:52:14      309,320               
    --------------------------  ----------  --------  -----------  -------------
    Count=2                                               347,808               


<Directory>: I:\executor.20q\trouble

    Filename                    Date        Time      Size         Version      
    --------------------------  ----------  --------  -----------  -------------
    vgaonly.pif                 10/02/1997  01:10:16          967               
    desperat.pif                10/02/1997  01:09:56          967               
    readme.txt                  10/02/1997  16:54:14        1,116               
    --------------------------  ----------  --------  -----------  -------------
    Count=3                                                 3,050               


<Directory>: I:\executor.20q\configur

    Filename                    Date        Time      Size         Version      
    --------------------------  ----------  --------  -----------  -------------
    32362e32.ecf                08/11/1996  22:11:46          330               
    3842494d.ecf                08/11/1996  22:11:48          436               
    3f3f3f3f.ecf                08/11/1996  22:11:48          366               
    41443344.ecf                08/11/1996  22:11:48          344               
    414f7163.ecf                08/11/1996  22:11:48          357               
    41525435.ecf                08/11/1996  22:11:48          455               
    41527c46.ecf                08/11/1996  22:11:48          328               
    4154726e.ecf                08/11/1996  22:11:48          343               
    4164426b.ecf                08/11/1996  22:11:48          326               
    41706569.ecf                08/11/1996  22:11:48          339               
    42454132.ecf                08/11/1996  22:11:48          344               
    424f4c4f.ecf                08/11/1996  22:11:48          310               
    426163d5.ecf                08/11/1996  22:11:50          365               
    42646c6d.ecf                08/11/1996  22:11:50          372               
    426e4871.ecf                08/11/1996  22:11:50          324               
    43475246.ecf                08/11/1996  22:11:50          348               
    43504354.ecf                08/11/1996  22:11:50          316               
    4352534c.ecf                08/11/1996  22:11:50          359               
    4354494d.ecf                08/11/1996  22:11:50          370               
    43555341.ecf                08/11/1996  22:11:50          357               
    43574c44.ecf                08/11/1996  22:11:50          361               
    43595153.ecf                08/11/1996  22:11:50          126               
    43764d4d.ecf                08/11/1996  22:11:50          312               
    4444534b.ecf                08/11/1996  22:11:52          357               
    44454c49.ecf                08/11/1996  22:11:52          349               
    44494132.ecf                08/11/1996  22:11:52          227               
    444f4c4c.ecf                08/11/1996  22:11:52          350               
    44576174.ecf                08/11/1996  22:11:52          348               
    44616e47.ecf                08/11/1996  22:11:52          126               
    454a3035.ecf                08/11/1996  22:11:52          312               
    45535041.ecf                08/11/1996  22:11:52          332               
    455544c6.ecf                08/11/1996  22:11:52          280               
    46424420.ecf                08/11/1996  22:11:52          334               
    466c6974.ecf                08/11/1996  22:11:52          338               
    46756e47.ecf                08/11/1996  22:11:54          331               
    47436f6e.ecf                08/11/1996  22:11:54          430               
    474f474f.ecf                10/02/1997  21:26:12          340               
    47534361.ecf                08/11/1996  22:11:54          334               
    47756e53.ecf                08/11/1996  22:11:54          126               
    483444c6.ecf                08/11/1996  22:11:54          362               
    48525630.ecf                08/11/1996  22:11:54          374               
    48525631.ecf                08/11/1996  22:11:54          375               
    48734c61.ecf                08/11/1996  22:11:54          337               
    496d6167.ecf                08/11/1996  22:11:54          343               
    4a4b5445.ecf                08/11/1996  22:11:54          126               
    4a524735.ecf                08/11/1996  22:11:56          343               
    4a70616b.ecf                08/11/1996  22:11:56          323               
    4b705353.ecf                08/11/1996  22:11:56          328               
    4c415a48.ecf                08/11/1996  22:11:56          273               
    4c505243.ecf                08/11/1996  22:11:56          324               
    4d427264.ecf                08/11/1996  22:11:56          364               
    4d4b444e.ecf                08/11/1996  22:11:56          165               
    4d4d4343.ecf                08/11/1996  22:11:56          347               
    4d4d5042.ecf                08/11/1996  22:11:56          363               
    4d504e54.ecf                08/11/1996  22:11:56          265               
    4d535744.ecf                08/11/1996  22:11:56          331               
    4d61656c.ecf                08/11/1996  22:11:58          337               
    4d687a75.ecf                08/11/1996  22:11:58          351               
    4d6f6c54.ecf                08/11/1996  22:11:58          321               
    50217268.ecf                08/11/1996  22:11:58          276               
    50474150.ecf                08/11/1996  22:11:58          336               
    504c5073.ecf                08/11/1996  22:11:58          272               
    504e4331.ecf                08/11/1996  22:11:58          157               
    50505456.ecf                08/11/1996  22:11:58          333               
    50566d74.ecf                08/11/1996  22:11:58          126               
    50674c67.ecf                08/11/1996  22:11:58          364               
    506fc450.ecf                08/11/1996  22:11:58          432               
    50736f64.ecf                08/11/1996  22:12:00          392               
    51444c58.ecf                08/11/1996  22:12:00          331               
    522a6368.ecf                08/11/1996  22:12:00          371               
    52415a5a.ecf                08/11/1996  22:12:00          334               
    5249534b.ecf                08/11/1996  22:12:00          336               
    524a4253.ecf                08/11/1996  22:12:00          175               
    524c4d5a.ecf                08/11/1996  22:12:00          417               
    52565253.ecf                08/11/1996  22:12:00          126               
    526a3031.ecf                08/11/1996  22:12:00          324               
    53414e54.ecf                08/11/1996  22:12:00          329               
    53495421.ecf                08/11/1996  22:12:00          374               
    53495478.ecf                08/11/1996  22:12:02          329               
    534d4c53.ecf                08/11/1996  22:12:02          326               
    53635246.ecf                08/11/1996  22:12:02          373               
    5368537a.ecf                08/11/1996  22:12:02          126               
    53704a4b.ecf                08/11/1996  22:12:02          337               
    53706563.ecf                08/11/1996  22:12:02          324               
    5370696e.ecf                08/11/1996  22:12:02          320               
    54424235.ecf                08/11/1996  22:12:02          338               
    54424236.ecf                08/11/1996  22:12:02          335               
    544b4e4f.ecf                08/11/1996  22:12:02          166               
    54745264.ecf                08/11/1996  22:12:02          165               
    54775231.ecf                08/11/1996  22:12:04          321               
    55505550.ecf                08/11/1996  22:12:04          329               
    556c7433.ecf                08/11/1996  22:12:04          364               
    57435345.ecf                08/11/1996  22:12:04          320               
    574f4c46.ecf                08/11/1996  22:12:04          363               
    57504332.ecf                08/11/1996  22:12:04          323               
    5843454c.ecf                08/11/1996  22:12:04          323               
    58505233.ecf                08/11/1996  22:12:04          362               
    63417244.ecf                08/11/1996  22:12:04          345               
    674f4c46.ecf                08/11/1996  22:12:04          353               
    6c6f6733.ecf                08/11/1996  22:12:04          329               
    6f7a6d35.ecf                08/11/1996  22:12:06          346               
    72647020.ecf                08/11/1996  22:12:06          324               
    72706db5.ecf                08/11/1996  22:12:06          360               
    73506433.ecf                08/11/1996  22:12:06          322               
    a78ea8a0.ecf                08/11/1996  22:12:06          328               
    a7bfc2a2.ecf                08/11/1996  22:12:06          320               
    ac7e5ea0.ecf                08/11/1996  22:12:06          126               
    f5536b69.ecf                08/11/1996  22:12:06          350               
    --------------------------  ----------  --------  -----------  -------------
    Count=108                                              34,306               
