////////////////////////////////////////////////////////////////////////////////
////////////////////////////////////////////////////////////////////////////////
////////////////////////////////////////////////////////////////////////////////

                : CD-ROM
                : D:\My Installations\Executor 2.0r Demo\Media\CD-ROM\Report Files\11-07-1997 11.23.01AM.rpt
                : 11/07/1997
                : 11:23AM

                                     1 
                                     1 
                                   133 
                            11,046,773 






     Executor


////////////////////////////////////////////////////////////////////////////////
////////////////////////////////////////////////////////////////////////////////
////////////////////////////////////////////////////////////////////////////////


================================================================================
                                  : "Executor"
================================================================================


                              133 
                       11,046,773 


                             **** : "Executor" ****


<>: I:\executor.20r

                                                                                
    --------------------------  ----------  --------  -----------  -------------
    print.bat                   10/21/1997  17:53:24          860               
    cwsdpmi.exe                 06/10/1997  17:26:32       20,217               
    emu387.dxe                  06/10/1997  17:27:34       61,420               
    executor.exe                10/22/1997  17:26:00    1,989,632               
    executor.pif                10/07/1997  14:26:36          967               
    exsystem.hfv                10/01/1997  23:27:02    6,291,456               
    extemp.hfv                  06/10/1997  18:43:12    2,097,152               
    makehfv.exe                 08/11/1996  22:12:46      110,108               
    printdef.ini                10/01/1997  22:32:20           99               
    printers.ini                10/03/1997  14:50:32        1,997               
    readme.txt                  10/03/1997  14:41:38        2,017               
    tips.txt                    10/03/1997  13:56:16        2,160               
    CDENABLE.VXD                10/27/1997  15:03:48        9,364               
    CDENABLE.EXE                10/30/1997  23:00:26       29,184               
    --------------------------  ----------  --------  -----------  -------------
    =14                                                10,616,633               


<>: I:\executor.20r\docs

                                                                                
    --------------------------  ----------  --------  -----------  -------------
    readme                      06/10/1997  20:03:46          589               
    --------------------------  ----------  --------  -----------  -------------
    =1                                                        589               


<>: I:\executor.20r\docs\cwsdpmi

                                                                                
    --------------------------  ----------  --------  -----------  -------------
    cwsdpmi.doc                 06/10/1997  19:14:50        7,186               
    --------------------------  ----------  --------  -----------  -------------
    =1                                                      7,186               


<>: I:\executor.20r\docs\djgpp

                                                                                
    --------------------------  ----------  --------  -----------  -------------
    copying.dj                  06/10/1997  19:37:16        1,620               
    --------------------------  ----------  --------  -----------  -------------
    =1                                                      1,620               


<>: I:\executor.20r\docs\wmemu387

                                                                                
    --------------------------  ----------  --------  -----------  -------------
    linux.txt                   06/10/1997  19:38:30       16,359               
    copying                     06/10/1997  19:39:56       18,323               
    djgpp.txt                   06/10/1997  19:39:18          899               
    --------------------------  ----------  --------  -----------  -------------
    =3                                                     35,581               


<>: I:\executor.20r\splash

                                                                                
    --------------------------  ----------  --------  -----------  -------------
    splash.1bp                  08/11/1996  23:12:46       38,488               
    splash.8bp                  09/30/1997  09:52:14      309,320               
    --------------------------  ----------  --------  -----------  -------------
    =2                                                    347,808               


<>: I:\executor.20r\trouble

                                                                                
    --------------------------  ----------  --------  -----------  -------------
    vgaonly.pif                 10/07/1997  15:02:00          967               
    desperat.pif                10/07/1997  15:01:32          967               
    readme.txt                  10/02/1997  16:54:14        1,116               
    --------------------------  ----------  --------  -----------  -------------
    =3                                                      3,050               


<>: I:\executor.20r\configur

                                                                                
    --------------------------  ----------  --------  -----------  -------------
    32362e32.ecf                08/11/1996  22:11:46          330               
    3842494d.ecf                08/11/1996  22:11:48          436               
    3f3f3f3f.ecf                08/11/1996  22:11:48          366               
    41443344.ecf                08/11/1996  22:11:48          344               
    414f7163.ecf                08/11/1996  22:11:48          357               
    41525435.ecf                08/11/1996  22:11:48          455               
    41527c46.ecf                08/11/1996  22:11:48          328               
    4154726e.ecf                08/11/1996  22:11:48          343               
    4164426b.ecf                08/11/1996  22:11:48          326               
    41706569.ecf                08/11/1996  22:11:48          339               
    42454132.ecf                08/11/1996  22:11:48          344               
    424f4c4f.ecf                08/11/1996  22:11:48          310               
    426163d5.ecf                08/11/1996  22:11:50          365               
    42646c6d.ecf                08/11/1996  22:11:50          372               
    426e4871.ecf                08/11/1996  22:11:50          324               
    43475246.ecf                08/11/1996  22:11:50          348               
    43504354.ecf                08/11/1996  22:11:50          316               
    4352534c.ecf                08/11/1996  22:11:50          359               
    4354494d.ecf                08/11/1996  22:11:50          370               
    43555341.ecf                08/11/1996  22:11:50          357               
