////////////////////////////////////////////////////////////////////////////////
///////////////////InstallShield Media Library Report Summary///////////////////
////////////////////////////////////////////////////////////////////////////////

Media Name      : CD-ROM
Report Filename : D:\My Installations\Executor 2.0t Demo\Media\CD-ROM\Report Files\11-21-1997 3.29.37PM.rpt
Date            : 11/21/1997
Time            : 3:29PM

Number of Components:                5 
Number of File Groups:               5 
Number of Files:                   135 
Total Size of Files:        11,223,573 (bytes)

==========
COMPONENTS
==========


     Executor
     CD vxd
     CD Enable
     NT CD Enable
         NT CD Enable sys


////////////////////////////////////////////////////////////////////////////////
/////////////////////////////////Report Details/////////////////////////////////
////////////////////////////////////////////////////////////////////////////////


================================================================================
                             COMPONENT: "Executor"
================================================================================

SUMMARY:
    Total Files:              131 (files for this component only)
    Source Bytes:      11,013,001 (files for this component only)


                        **** File Group: "Executor" ****


<Directory>: I:\executor.20t

    Filename                    Date        Time      Size         Version      
    --------------------------  ----------  --------  -----------  -------------
    cwsdpmi.exe                 10/19/1997  21:48:14       20,473               
    emu387.dxe                  07/16/1995  15:59:38       61,420               
    executor.exe                11/19/1997  11:14:48    1,993,728               
    executor.pif                11/10/1997  15:34:44          967               
    exsystem.hfv                11/10/1997  21:48:12    6,291,456               
    extemp.hfv                  06/10/1997  18:43:12    2,097,152               
    makehfv.exe                 08/11/1996  22:12:46      110,108               
    print.bat                   10/21/1997  17:53:24          860               
    printdef.ini                10/01/1997  22:32:20           99               
    printers.ini                10/03/1997  14:50:32        1,997               
    readme.txt                  11/10/1997  15:34:44        2,017               
    tips.txt                    11/10/1997  15:41:26        2,584               
    --------------------------  ----------  --------  -----------  -------------
    Count=12                                           10,582,861               


<Directory>: I:\executor.20t\trouble

    Filename                    Date        Time      Size         Version      
    --------------------------  ----------  --------  -----------  -------------
    vgaonly.pif                 11/10/1997  15:34:44          967               
    desperat.pif                11/10/1997  15:34:44          967               
    readme.txt                  11/10/1997  15:34:44        1,116               
    --------------------------  ----------  --------  -----------  -------------
    Count=3                                                 3,050               


<Directory>: I:\executor.20t\docs

    Filename                    Date        Time      Size         Version      
    --------------------------  ----------  --------  -----------  -------------
    readme                      06/10/1997  19:03:46          589               
    --------------------------  ----------  --------  -----------  -------------
    Count=1                                                   589               


<Directory>: I:\executor.20t\docs\cwsdpmi

    Filename                    Date        Time      Size         Version      
    --------------------------  ----------  --------  -----------  -------------
    cwsdpmi.doc                 06/10/1997  18:14:50        7,186               
    --------------------------  ----------  --------  -----------  -------------
    Count=1                                                 7,186               


<Directory>: I:\executor.20t\docs\djgpp

    Filename                    Date        Time      Size         Version      
    --------------------------  ----------  --------  -----------  -------------
    copying.dj                  06/10/1997  18:37:16        1,620               
    --------------------------  ----------  --------  -----------  -------------
    Count=1                                                 1,620               


<Directory>: I:\executor.20t\docs\wmemu387

    Filename                    Date        Time      Size         Version      
    --------------------------  ----------  --------  -----------  -------------
    linux.txt                   06/10/1997  18:38:30       16,359               
    copying                     06/10/1997  18:39:56       18,323               
    djgpp.txt                   06/10/1997  18:39:18          899               
    --------------------------  ----------  --------  -----------  -------------
    Count=3                                                35,581               


<Directory>: I:\executor.20t\splash

    Filename                    Date        Time      Size         Version      
    --------------------------  ----------  --------  -----------  -------------
    splash.1bp                  11/10/1997  15:34:44       38,488               
    splash.8bp                  11/10/1997  15:34:44      309,320               
    --------------------------  ----------  --------  -----------  -------------
    Count=2                                               347,808               


<Directory>: I:\executor.20t\configur

    Filename                    Date        Time      Size         Version      
    --------------------------  ----------  --------  -----------  -------------
    32362e32.ecf                11/10/1997  15:34:12          330               
    3842494d.ecf                11/10/1997  15:34:12          436               
    3f3f3f3f.ecf                11/10/1997  15:34:12          366               
    41443344.ecf                11/10/1997  15:34:12          344               
    414f7163.ecf                11/10/1997  15:34:12          357               
    41525435.ecf                11/10/1997  15:34:12          455               
    41527c46.ecf                11/10/1997  15:34:12          328               
    4154726e.ecf                11/10/1997  15:34:12          343               
    4164426b.ecf                11/10/1997  15:34:12          326               
    41706569.ecf                11/10/1997  15:34:12          339               
    42454132.ecf                11/10/1997  15:34:12          344               
    424f4c4f.ecf                11/10/1997  15:34:12          310               
    426163d5.ecf                11/10/1997  15:34:12          365               
    42646c6d.ecf                11/10/1997  15:34:12          372               
    426e4871.ecf                11/10/1997  15:34:12          324               
    43475246.ecf                11/10/1997  15:34:12          348               
    43504354.ecf                11/10/1997  15:34:12          316               
    4352534c.ecf                11/10/1997  15:34:12          359               
    4354494d.ecf                11/10/1997  15:34:12          370               
    43555341.ecf                11/10/1997  15:34:12          357               
    43574c44.ecf                11/10/1997  15:34:12          361               
    43595153.ecf                11/10/1997  15:34:12          126               
    43764d4d.ecf                11/10/1997  15:34:12          312               
    4444534b.ecf                11/10/1997  15:34:12          357               
    44454c49.ecf                11/10/1997  15:34:12          349               
    44494132.ecf                11/10/1997  15:34:12          227               
    444f4c4c.ecf                11/10/1997  15:34:12          350               
    44576174.ecf                11/10/1997  15:34:12          348               
    44616e47.ecf                11/10/1997  15:34:12          126               
    454a3035.ecf                11/10/1997  15:34:12          312               
    45535041.ecf                11/10/1997  15:34:12          332               
    455544c6.ecf                11/10/1997  15:34:12          280               
    46424420.ecf                11/10/1997  15:34:12          334               
    466c6974.ecf                11/10/1997  15:34:12          338               
    46756e47.ecf                11/10/1997  15:34:12          331               
    47436f6e.ecf                11/10/1997  15:34:12          430               
    474f474f.ecf                11/10/1997  15:34:12          340               
    47534361.ecf                11/10/1997  15:34:12          334               
    47756e53.ecf                11/10/1997  15:34:12          126               
    483444c6.ecf                11/10/1997  15:34:12          362               
    48525630.ecf                11/10/1997  15:34:12          374               
    48525631.ecf                11/10/1997  15:34:12          375               
    48734c61.ecf                11/10/1997  15:34:12          337               
    496d6167.ecf                11/10/1997  15:34:12          343               
    4a4b5445.ecf                11/10/1997  15:34:12          126               
    4a524735.ecf                11/10/1997  15:34:12          343               
    4a70616b.ecf                11/10/1997  15:34:12          323               
    4b705353.ecf                11/10/1997  15:34:12          328               
    4c415a48.ecf                11/10/1997  15:34:12          273               
    4c505243.ecf                11/10/1997  15:34:12          324               
    4d427264.ecf                11/10/1997  15:34:12          364               
    4d4b444e.ecf                11/10/1997  15:34:12          165               
    4d4d4343.ecf                11/10/1997  15:34:12          347               
    4d4d5042.ecf                11/10/1997  15:34:12          363               
    4d504e54.ecf                11/10/1997  15:34:12          265               
    4d535744.ecf                11/10/1997  15:34:12          331               
    4d61656c.ecf                11/10/1997  15:34:12          337               
    4d687a75.ecf                11/10/1997  15:34:12          351               
    4d6f6c54.ecf                11/10/1997  15:34:12          321               
    50217268.ecf                11/10/1997  15:34:12          276               
    50474150.ecf                11/10/1997  15:34:12          336               
    504c5073.ecf                11/10/1997  15:34:12          272               
    504e4331.ecf                11/10/1997  15:34:12          157               
    50505456.ecf                11/10/1997  15:34:12          333               
    50566d74.ecf                11/10/1997  15:34:12          126               
    50674c67.ecf                11/10/1997  15:34:12          364               
    506fc450.ecf                11/10/1997  15:34:12          432               
    50736f64.ecf                11/10/1997  15:34:12          392               
    51444c58.ecf                11/10/1997  15:34:12          331               
    522a6368.ecf                11/10/1997  15:34:12          371               
    52415a5a.ecf                11/10/1997  15:34:12          334               
    5249534b.ecf                11/10/1997  15:34:12          336               
    524a4253.ecf                11/10/1997  15:34:12          175               
    524c4d5a.ecf                11/10/1997  15:34:12          417               
    52565253.ecf                11/10/1997  15:34:12          126               
    526a3031.ecf                11/10/1997  15:34:12          324               
    53414e54.ecf                11/10/1997  15:34:12          329               
    53495421.ecf                11/10/1997  15:34:12          374               
    53495478.ecf                11/10/1997  15:34:12          329               
    534d4c53.ecf                11/10/1997  15:34:12          326               
    53635246.ecf                11/10/1997  15:34:12          373               
    5368537a.ecf                11/10/1997  15:34:12          126               
    53704a4b.ecf                11/10/1997  15:34:12          337               
    53706563.ecf                11/10/1997  15:34:12          324               
    5370696e.ecf                11/10/1997  15:34:12          320               
    54424235.ecf                11/10/1997  15:34:12          338               
    54424236.ecf                11/10/1997  15:34:12          335               
    544b4e4f.ecf                11/10/1997  15:34:12          166               
    54745264.ecf                11/10/1997  15:34:12          165               
    54775231.ecf                11/10/1997  15:34:12          321               
    55505550.ecf                11/10/1997  15:34:12          329               
    556c7433.ecf                11/10/1997  15:34:12          364               
    57435345.ecf                11/10/1997  15:34:12          320               
    574f4c46.ecf                11/10/1997  15:34:12          363               
    57504332.ecf                11/10/1997  15:34:12          323               
    5843454c.ecf                11/10/1997  15:34:12          323               
    58505233.ecf                11/10/1997  15:34:12          362               
    63417244.ecf                11/10/1997  15:34:12          345               
    674f4c46.ecf                11/10/1997  15:34:12          353               
    6c6f6733.ecf                11/10/1997  15:34:12          329               
    6f7a6d35.ecf                11/10/1997  15:34:12          346               
    72647020.ecf                11/10/1997  15:34:12          324               
    72706db5.ecf                11/10/1997  15:34:12          360               
    73506433.ecf                11/10/1997  15:34:12          322               
    a78ea8a0.ecf                11/10/1997  15:34:12          328               
    a7bfc2a2.ecf                11/10/1997  15:34:12          320               
    ac7e5ea0.ecf                11/10/1997  15:34:12          126               
    f5536b69.ecf                11/10/1997  15:34:12          350               
    --------------------------  ----------  --------  -----------  -------------
    Count=108                                              34,306               


================================================================================
                              COMPONENT: "CD vxd"
================================================================================

SUMMARY:
    Total Files:                1 (files for this component only)
    Source Bytes:      11,022,889 (files for this component only)


                      **** File Group: "cdenable vxd" ****


<Directory>: I:\executor.20t

    Filename                    Date        Time      Size         Version      
    --------------------------  ----------  --------  -----------  -------------
    cdenable.vxd                11/10/1997  02:40:30        9,888               
    --------------------------  ----------  --------  -----------  -------------
    Count=1                                                 9,888               


================================================================================
                             COMPONENT: "CD Enable"
================================================================================

SUMMARY:
    Total Files:                1 (files for this component only)
    Source Bytes:      11,048,489 (files for this component only)


                    **** File Group: "cdenable program" ****


<Directory>: I:\executor.20t

    Filename                    Date        Time      Size         Version      
    --------------------------  ----------  --------  -----------  -------------
    cdenable.exe                11/11/1997  03:13:12       25,600               
    --------------------------  ----------  --------  -----------  -------------
    Count=1                                                25,600               


================================================================================
                           COMPONENT: "NT CD Enable"
================================================================================

SUMMARY:
    Total Files:                1 (files for this component only)
    Source Bytes:      11,217,461 (files for this component only)


                    **** File Group: "NT CD Enable exe" ****


<Directory>: I:\executor.20t

    Filename                    Date        Time      Size         Version      
    --------------------------  ----------  --------  -----------  -------------
    cdenablent.exe              11/21/1997  15:10:06      168,972               
    --------------------------  ----------  --------  -----------  -------------
    Count=1                                               168,972               


================================================================================
                   COMPONENT: "NT CD Enable\NT CD Enable sys"
================================================================================

SUMMARY:
    Total Files:                1 (files for this component only)
    Source Bytes:      11,223,573 (files for this component only)


                    **** File Group: "NT CD Enable sys" ****


<Directory>: I:\executor.20t

    Filename                    Date        Time      Size         Version      
    --------------------------  ----------  --------  -----------  -------------
    cdenable.sys                11/19/1997  11:48:12        6,112               
    --------------------------  ----------  --------  -----------  -------------
    Count=1                                                 6,112               
