////////////////////////////////////////////////////////////////////////////////
///////////////////InstallShield Media Library Report Summary///////////////////
////////////////////////////////////////////////////////////////////////////////

Media Name      : CD-ROM
Report Filename : D:\My Installations\Executor-DOS Demo\Media\CD-ROM\Report Files\2-28-2000 11.30.40AM.rpt
Date            : 02/28/2000
Time            : 11:30AM

Number of Components:                3 
Number of File Groups:               3 
Number of Files:                   144 
Total Size of Files:        11,144,216 (bytes)

==========
COMPONENTS
==========


     Executor
     CD Enable
         CD vxd


////////////////////////////////////////////////////////////////////////////////
/////////////////////////////////Report Details/////////////////////////////////
////////////////////////////////////////////////////////////////////////////////


================================================================================
                             COMPONENT: "Executor"
================================================================================

SUMMARY:
    Total Files:              142 (files for this component only)
    Source Bytes:      11,106,692 (files for this component only)


                        **** File Group: "Executor" ****


<Directory>: I:\execdos.demo

    Filename                    Date        Time      Size         Version      
    --------------------------  ----------  --------  -----------  -------------
    cwsdpmi.exe                 10/19/1997  21:48:14       20,473               
    emu387.dxe                  07/16/1995  15:59:38       61,420               
    executor.exe                02/28/2000  11:11:00    2,430,464               
    executor.pif                11/10/1997  15:34:44          967               
    exsystem.hfv                12/01/1997  21:41:46    6,291,456               
    extemp.hfv                  06/10/1997  18:43:12    2,097,152               
    makehfv.exe                 08/11/1996  22:12:46      110,108               
    print.bat                   12/30/1997  11:43:18          882               
    printdef.ini                10/01/1997  22:32:20           99               
    printers.ini                12/30/1997  11:40:40        2,021               
    readme.txt                  03/21/1999  15:31:06        2,131               
    tips.txt                    09/24/1998  16:55:20        2,650               
    fees.txt                    03/17/1999  14:15:24          815               
    dirMap-le                   05/04/1998  03:27:36            0               
    --------------------------  ----------  --------  -----------  -------------
    Count=14                                           11,020,638               


<Directory>: I:\execdos.demo\trouble

    Filename                    Date        Time      Size         Version      
    --------------------------  ----------  --------  -----------  -------------
    vgaonly.pif                 11/10/1997  15:34:44          967               
    desperat.pif                11/10/1997  15:34:44          967               
    readme.txt                  11/10/1997  15:34:44        1,116               
    --------------------------  ----------  --------  -----------  -------------
    Count=3                                                 3,050               


<Directory>: I:\execdos.demo\docs

    Filename                    Date        Time      Size         Version      
    --------------------------  ----------  --------  -----------  -------------
    readme                      06/10/1997  19:03:46          589               
    --------------------------  ----------  --------  -----------  -------------
    Count=1                                                   589               


<Directory>: I:\execdos.demo\docs\cwsdpmi

    Filename                    Date        Time      Size         Version      
    --------------------------  ----------  --------  -----------  -------------
    cwsdpmi.doc                 06/10/1997  18:14:50        7,186               
    --------------------------  ----------  --------  -----------  -------------
    Count=1                                                 7,186               


<Directory>: I:\execdos.demo\docs\djgpp

    Filename                    Date        Time      Size         Version      
    --------------------------  ----------  --------  -----------  -------------
    copying.dj                  06/10/1997  18:37:16        1,620               
    --------------------------  ----------  --------  -----------  -------------
    Count=1                                                 1,620               


<Directory>: I:\execdos.demo\docs\wmemu387

    Filename                    Date        Time      Size         Version      
    --------------------------  ----------  --------  -----------  -------------
    linux.txt                   06/10/1997  18:38:30       16,359               
    copying                     06/10/1997  18:39:56       18,323               
    djgpp.txt                   06/10/1997  18:39:18          899               
    --------------------------  ----------  --------  -----------  -------------
    Count=3                                                35,581               


<Directory>: I:\execdos.demo\configur

    Filename                    Date        Time      Size         Version      
    --------------------------  ----------  --------  -----------  -------------
    32362e32.ecf                07/24/1996  12:19:42          330               
    3842494d.ecf                07/24/1996  12:19:42          436               
    3f3f3f3f.ecf                07/24/1996  12:19:42          366               
    41443344.ecf                07/24/1996  12:19:42          344               
    414f7163.ecf                07/24/1996  12:19:42          357               
    41525435.ecf                07/24/1996  12:19:42          455               
    41527c46.ecf                07/24/1996  12:19:42          328               
    4154726e.ecf                07/24/1996  12:19:42          343               
    4164426b.ecf                07/24/1996  12:19:42          326               
    41706569.ecf                07/24/1996  12:19:42          339               
    42454132.ecf                07/24/1996  12:19:42          344               
    424f4c4f.ecf                07/24/1996  12:19:42          310               
    426163d5.ecf                07/24/1996  12:19:42          365               
    42646c6d.ecf                07/24/1996  12:19:42          372               
    426e4871.ecf                04/06/1996  22:07:14          315               
    43475246.ecf                07/24/1996  12:19:42          348               
    43504354.ecf                07/24/1996  12:19:42          316               
    4352534c.ecf                07/24/1996  12:19:42          359               
    4354494d.ecf                07/24/1996  12:19:42          370               
    43555341.ecf                07/24/1996  12:19:42          357               
    43574c44.ecf                07/24/1996  12:19:42          361               
    43595153.ecf                07/24/1996  12:19:42          126               
    43764d4d.ecf                07/24/1996  12:19:42          312               
    4444534b.ecf                07/24/1996  12:19:42          357               
    44454c49.ecf                07/24/1996  12:19:42          349               
    44494132.ecf                07/24/1996  12:19:42          227               
    444f4c4c.ecf                07/24/1996  12:19:42          350               
    44576174.ecf                07/24/1996  12:19:42          348               
    44616e47.ecf                07/24/1996  12:19:42          126               
    454a3035.ecf                07/24/1996  12:19:42          312               
    45535041.ecf                07/24/1996  12:19:42          332               
    455544c6.ecf                07/24/1996  12:19:42          280               
    46424420.ecf                07/24/1996  12:19:42          334               
    466c6974.ecf                07/24/1996  12:19:42          338               
    46756e47.ecf                07/24/1996  12:19:42          331               
    47436f6e.ecf                07/24/1996  12:19:42          430               
    474f474f.ecf                09/24/1998  16:50:40          363               
    47534361.ecf                07/24/1996  12:19:42          334               
    47756e53.ecf                07/24/1996  12:19:42          126               
    483444c6.ecf                07/24/1996  12:19:42          362               
    48525630.ecf                07/24/1996  12:19:42          374               
    48525631.ecf                07/24/1996  12:19:42          375               
    48734c61.ecf                07/24/1996  12:19:42          337               
    496d6167.ecf                07/24/1996  12:19:42          343               
    4a4b5445.ecf                07/24/1996  12:19:42          126               
    4a524735.ecf                07/24/1996  12:19:42          343               
    4a70616b.ecf                07/24/1996  12:19:42          323               
    4b705353.ecf                07/24/1996  12:19:42          328               
    4c415a48.ecf                07/24/1996  12:19:42          273               
    4c505243.ecf                07/24/1996  12:19:42          324               
    4d427264.ecf                07/24/1996  12:19:42          364               
    4d4b444e.ecf                07/24/1996  12:19:42          165               
    4d4d4343.ecf                07/24/1996  12:19:42          347               
    4d4d5042.ecf                07/24/1996  12:19:42          363               
    4d504e54.ecf                07/24/1996  12:19:42          265               
    4d535744.ecf                07/24/1996  12:19:42          331               
    4d61656c.ecf                07/24/1996  12:19:42          337               
    4d687a75.ecf                07/24/1996  12:19:42          351               
    4d6f6c54.ecf                07/24/1996  12:19:42          321               
    50217268.ecf                07/24/1996  12:19:42          276               
    50474150.ecf                07/24/1996  12:19:42          336               
    504c5073.ecf                07/24/1996  12:19:42          272               
    504e4331.ecf                07/24/1996  12:19:42          157               
    50505456.ecf                07/24/1996  12:19:42          333               
    50566d74.ecf                07/24/1996  12:19:42          126               
    50674c67.ecf                07/24/1996  12:19:42          364               
    506fc450.ecf                07/24/1996  12:19:42          432               
    50736f64.ecf                07/24/1996  12:19:42          392               
    51444c58.ecf                07/24/1996  12:19:42          331               
    522a6368.ecf                07/24/1996  12:19:42          371               
    52415a5a.ecf                07/24/1996  12:19:42          334               
    5249534b.ecf                07/24/1996  12:19:42          336               
    524a4253.ecf                07/24/1996  12:19:42          175               
    524c4d5a.ecf                07/24/1996  12:19:42          417               
    52565253.ecf                07/24/1996  12:19:42          126               
    526a3031.ecf                07/24/1996  12:19:42          324               
    53414e54.ecf                07/24/1996  12:19:42          329               
    53495421.ecf                07/24/1996  12:19:42          374               
    53495478.ecf                02/16/1999  13:19:00          340               
    534d4c53.ecf                07/24/1996  12:19:42          326               
    53635246.ecf                07/24/1996  12:19:42          373               
    5368537a.ecf                07/24/1996  12:19:42          126               
    53704a4b.ecf                07/24/1996  12:19:42          337               
    53706563.ecf                07/24/1996  12:19:42          324               
    5370696e.ecf                07/24/1996  12:19:42          320               
    54424235.ecf                07/24/1996  12:19:42          338               
    54424236.ecf                07/24/1996  12:19:42          335               
    544b4e4f.ecf                07/24/1996  12:19:42          166               
    54745264.ecf                07/24/1996  12:19:42          165               
    54775231.ecf                07/24/1996  12:19:42          321               
    55505550.ecf                07/24/1996  12:19:42          329               
    556c7433.ecf                07/24/1996  12:19:42          364               
    57435345.ecf                07/24/1996  12:19:42          320               
    574f4c46.ecf                07/24/1996  12:19:42          363               
    57504332.ecf                07/24/1996  12:19:42          323               
    5843454c.ecf                07/24/1996  12:19:42          323               
    58505233.ecf                02/11/2000  22:33:10          709               
    63417244.ecf                07/24/1996  12:19:42          345               
    674f4c46.ecf                07/24/1996  12:19:42          353               
    6c6f6733.ecf                07/24/1996  12:19:42          329               
    6f7a6d35.ecf                07/24/1996  12:19:42          346               
    72647020.ecf                07/24/1996  12:19:42          324               
    72706db5.ecf                07/24/1996  12:19:42          360               
    73506433.ecf                03/17/1999  15:26:20          303               
    a78ea8a0.ecf                07/24/1996  12:19:42          328               
    a7bfc2a2.ecf                07/24/1996  12:19:42          320               
    ac7e5ea0.ecf                07/24/1996  12:19:42          126               
    f5536b69.ecf                07/24/1996  12:19:42          350               
    434c4144.ecf                03/16/1999  14:27:30          276               
    4d917263.ecf                03/26/1999  11:20:22          277               
    57494c44.ecf                10/06/1998  14:26:24          323               
    424f424f.ecf                04/04/1999  17:42:12          208               
    5354775a.ecf                04/07/1999  13:18:38          346               
    45474144.ecf                04/27/1999  12:50:32          381               
    494e5455.ecf                05/11/1999  16:09:02          287               
    57696c64.ecf                10/26/1999  12:00:42          322               
    41324d68.ecf                05/11/1999  16:25:50          311               
    6b616a72.ecf                02/14/2000  10:37:28          303               
    484c5832.ecf                05/04/1999  16:18:22          335               
    --------------------------  ----------  --------  -----------  -------------
    Count=119                                              38,028               


================================================================================
                             COMPONENT: "CD Enable"
================================================================================

SUMMARY:
    Total Files:                1 (files for this component only)
    Source Bytes:      11,132,292 (files for this component only)


                    **** File Group: "cdenable program" ****


<Directory>: I:\execdos.demo

    Filename                    Date        Time      Size         Version      
    --------------------------  ----------  --------  -----------  -------------
    cdenable.exe                11/11/1997  03:13:12       25,600               
    --------------------------  ----------  --------  -----------  -------------
    Count=1                                                25,600               


================================================================================
                         COMPONENT: "CD Enable\CD vxd"
================================================================================

SUMMARY:
    Total Files:                1 (files for this component only)
    Source Bytes:      11,144,216 (files for this component only)


                      **** File Group: "cdenable vxd" ****


<Directory>: I:\execdos.demo

    Filename                    Date        Time      Size         Version      
    --------------------------  ----------  --------  -----------  -------------
    cdenable.vxd                01/08/1999  01:42:36       11,924               
    --------------------------  ----------  --------  -----------  -------------
    Count=1                                                11,924               
