////////////////////////////////////////////////////////////////////////////////
///////////////////InstallShield Media Library Report Summary///////////////////
////////////////////////////////////////////////////////////////////////////////

Media Name      : CD-ROM
Report Filename : D:\My Installations\Executor Win32\Media\CD-ROM\Report Files\2-08-2001 8.46.59PM.rpt
Date            : 02/08/2001
Time            : 8:46PM

Number of Components:                5 
Number of File Groups:               3 
Number of Files:                    95 
Total Size of Files:         5,813,508 (bytes)

==========
COMPONENTS
==========


     Executor
     CD Enable
         CD vxd
     NT CD Enable
         NT CD Enable Sys


////////////////////////////////////////////////////////////////////////////////
/////////////////////////////////Report Details/////////////////////////////////
////////////////////////////////////////////////////////////////////////////////


================================================================================
                             COMPONENT: "Executor"
================================================================================

SUMMARY:
    Total Files:               93 (files for this component only)
    Source Bytes:       5,795,472 (files for this component only)


                     **** File Group: "executor files" ****


<Directory>: I:\execwin32.comm

    Filename                    Date        Time      Size         Version      
    --------------------------  ----------  --------  -----------  -------------
    makehfv.exe                 08/11/1996  22:12:46      110,108               
    printdef.ini                02/04/1998  10:29:34           89               
    printers.ini                05/05/1998  17:04:08        1,777               
    readme.txt                  03/21/1999  13:58:02        1,175               
    tips.txt                    09/24/1998  16:55:20        2,650               
    exemove.exe                 04/04/1998  20:01:24        4,096               
    executor.exe                02/08/2001  20:42:18    2,496,000               
    stderr.txt                  04/06/1998  12:33:00            0               
    stdout.txt                  04/06/1998  12:32:58            0               
    dirMap-le                   05/04/1998  00:05:22            0               
    SDL.dll                     12/20/2000  15:12:24      253,952               
    B2WIN32.dll                 06/27/1999  05:02:34       29,184               
    B2WIN16.DLL                 06/27/1999  05:12:42        2,816               
    README-SDL.txt              01/25/2000  09:52:00          455               
    --------------------------  ----------  --------  -----------  -------------
    Count=14                                            2,902,302               


<Directory>: I:\execwin32.comm\Apps\Freeware

    Filename                    Date        Time      Size         Version      
    --------------------------  ----------  --------  -----------  -------------
    About Freeware              12/01/1997  20:25:12          106               
    %About Freeware             04/30/1998  16:44:58          890               
    Risk!                       12/01/1997  17:27:20            0               
    %Risk!                      04/30/1998  16:44:58      266,528               
    --------------------------  ----------  --------  -----------  -------------
    Count=4                                               267,524               


<Directory>: I:\execwin32.comm\Apps\Demoware

    Filename                    Date        Time      Size         Version      
    --------------------------  ----------  --------  -----------  -------------
    About Demoware              10/01/1997  22:01:46          172               
    %About Demoware             04/30/1998  16:44:56          890               
    %MacBreadboard%C4           04/30/1998  16:44:56          198               
    ...xpander%AA 4.0.1 Folder  04/30/1998  16:44:58          198               
    Ultimate Solitaire Demo     12/01/1997  17:26:26            0               
    %Ultimate Solitaire Demo    04/30/1998  16:44:58      222,856               
    --------------------------  ----------  --------  -----------  -------------
    Count=6                                               224,314               


<Directory>: I:\execwin32.comm\Apps\Demoware\MacBreadboard%C4

    Filename                    Date        Time      Size         Version      
    --------------------------  ----------  --------  -----------  -------------
    4-bit Counter               12/01/1997  17:25:40        1,904               
    %4-bit Counter              04/30/1998  16:44:56          198               
    D Flip%2FFlop Demo          12/01/1997  17:25:40        1,528               
    %D Flip%2FFlop Demo         04/30/1998  16:44:56          198               
    Decade Counter              12/01/1997  17:25:40        2,136               
    %Decade Counter             04/30/1998  16:44:56          198               
    MacBreadboard DEMO 1.1      12/01/1997  17:25:44            0               
    %MacBreadboard DEMO 1.1     04/30/1998  16:44:58      408,627               
    --------------------------  ----------  --------  -----------  -------------
    Count=8                                               414,789               


<Directory>: I:\execwin32.comm\Apps\Demoware\StuffIt Expander%AA 4.0.1 Folder

    Filename                    Date        Time      Size         Version      
    --------------------------  ----------  --------  -----------  -------------
    Icon%0D                     10/01/1997  22:01:46            0               
    %Icon%0D                    04/30/1998  16:44:58        3,182               
    %Read Us First!             04/30/1998  16:44:58          198               
    StuffIt Expander%AA         10/01/1997  22:01:46            0               
    %StuffIt Expander%AA        04/30/1998  16:44:58      211,844               
    --------------------------  ----------  --------  -----------  -------------
    Count=5                                               215,224               


<Directory>: I:\execwin32.comm\Apps\Demoware\StuffIt Expander%AA 4.0.1 Folder\Read Us First!

    Filename                    Date        Time      Size         Version      
    --------------------------  ----------  --------  -----------  -------------
    Aladdin Order Form          10/01/1997  22:01:46        3,410               
    %Aladdin Order Form         04/30/1998  16:44:58          844               
    Aladdin Product Overview    10/01/1997  22:01:46        4,546               
    %Aladdin Product Overview   04/30/1998  16:44:58          884               
    Expander Reg. Form          10/01/1997  22:01:46        2,522               
    %Expander Reg. Form         04/30/1998  16:44:58          844               
    Icon%0D                     10/01/1997  22:01:46            0               
    %Icon%0D                    04/30/1998  16:44:58        3,182               
    License Agreement           10/01/1997  22:01:46        2,834               
    %License Agreement          04/30/1998  16:44:58          844               
    ...fIt Expander%AA Read Me  10/01/1997  22:01:46       10,944               
    ...fIt Expander%AA Read Me  04/30/1998  16:44:58          844               
    ...s installed (and where)  10/01/1997  22:01:46          695               
    ...s installed (and where)  04/30/1998  16:44:58        1,228               
    ... in StuffIt Expander%AA  10/01/1997  22:01:46        7,127               
    ... in StuffIt Expander%AA  04/30/1998  16:44:58          844               
    --------------------------  ----------  --------  -----------  -------------
    Count=16                                               41,592               


<Directory>: I:\execwin32.comm\Apps\System Folder

    Filename                    Date        Time      Size         Version      
    --------------------------  ----------  --------  -----------  -------------
    Browser                     10/01/1997  22:01:46            0               
    %Browser                    04/30/1998  16:45:00      119,268               
    %Extensions                 04/30/1998  16:45:00          198               
    godata.sav                  12/01/1997  20:37:10          592               
    %godata.sav                 04/30/1998  16:45:00          198               
    ParamRAM                    10/01/1997  22:01:46           20               
    %ParamRAM                   04/30/1998  16:45:00          198               
    %Preferences                04/30/1998  16:45:00          198               
    Printer                     03/31/1996  18:59:56            0               
    %Printer                    05/04/2000  21:06:04        2,279               
    System                      07/24/1996  12:23:18            0               
    %System                     01/30/2001  17:59:20      487,415               
    system.ard                  10/01/1997  22:01:46            0               
    %system.ard                 04/30/1998  16:45:00          798               
    mac.rsrc                    05/04/2000  21:07:12            0               
    %windows.rsrc               05/04/2000  20:45:00       15,917               
    %mac.rsrc                   01/30/2001  17:59:00        6,753               
    windows.rsrc                05/04/2000  21:07:14            0               
    --------------------------  ----------  --------  -----------  -------------
    Count=18                                              633,834               


<Directory>: I:\execwin32.comm\Apps\Shareware

    Filename                    Date        Time      Size         Version      
    --------------------------  ----------  --------  -----------  -------------
    About Shareware             10/01/1997  22:01:46          394               
    %About Shareware            04/30/1998  16:44:58          890               
    %speedometer3.23 Folder     04/30/1998  16:44:58          198               
    %Tex-Edit                   04/30/1998  16:45:00          198               
    --------------------------  ----------  --------  -----------  -------------
    Count=4                                                 1,680               


<Directory>: I:\execwin32.comm\Apps\Shareware\speedometer3.23 Folder

    Filename                    Date        Time      Size         Version      
    --------------------------  ----------  --------  -----------  -------------
    Speedo 3.21%D1%3E3.23 Doc   12/01/1997  17:27:04        3,037               
    %Speedo 3.21%D1%3E3.23 Doc  04/30/1998  16:44:58          198               
    Speedometer 3.23            12/01/1997  17:27:04            0               
    %Speedometer 3.23           04/30/1998  16:45:00      409,527               
    --------------------------  ----------  --------  -----------  -------------
    Count=4                                               412,762               


<Directory>: I:\execwin32.comm\Apps\Shareware\Tex-Edit

    Filename                    Date        Time      Size         Version      
    --------------------------  ----------  --------  -----------  -------------
    Revision History            10/01/1997  22:01:46        5,518               
    %Revision History           04/30/1998  16:45:00          930               
    Tex-Edit                    10/01/1997  22:01:46            0               
    %Tex-Edit                   04/30/1998  16:45:00      139,311               
    Tex-Edit Prefs              10/01/1997  22:01:46            0               
    %Tex-Edit Prefs             04/30/1998  16:45:00        1,104               
    Tex-Edit Reference          10/01/1997  22:01:46       30,449               
    %Tex-Edit Reference         04/30/1998  16:45:00      107,105               
    Welcome to Tex-Edit!        10/01/1997  22:01:46       13,257               
    %Welcome to Tex-Edit!       04/30/1998  16:45:00       76,715               
    --------------------------  ----------  --------  -----------  -------------
    Count=10                                              374,389               


<Directory>: I:\execwin32.comm\msvcrt

    Filename                    Date        Time      Size         Version      
    --------------------------  ----------  --------  -----------  -------------
    msvcrt.dll                  02/01/1999  23:00:00      266,293  6.0.8397.0   
    vc6_eula.txt                05/31/1998  18:00:16       38,060               
    vc6_sp3_eula.txt            01/28/1999  18:36:30        2,011               
    README.TXT                  02/07/2001  16:06:26          698               
    --------------------------  ----------  --------  -----------  -------------
    Count=4                                               307,062               


================================================================================
                         COMPONENT: "CD Enable\CD vxd"
================================================================================

SUMMARY:
    Total Files:                1 (files for this component only)
    Source Bytes:       5,807,396 (files for this component only)


                     **** File Group: "CD Enable vxd" ****


<Directory>: I:\execwin32.comm

    Filename                    Date        Time      Size         Version      
    --------------------------  ----------  --------  -----------  -------------
    cdenable.vxd                01/08/1999  01:42:36       11,924               
    --------------------------  ----------  --------  -----------  -------------
    Count=1                                                11,924               


================================================================================
                   COMPONENT: "NT CD Enable\NT CD Enable Sys"
================================================================================

SUMMARY:
    Total Files:                1 (files for this component only)
    Source Bytes:       5,813,508 (files for this component only)


                    **** File Group: "CD Enable NT Sys" ****


<Directory>: I:\execwin32.comm

    Filename                    Date        Time      Size         Version      
    --------------------------  ----------  --------  -----------  -------------
    cdenable.sys                06/10/1999  13:20:18        6,112               
    --------------------------  ----------  --------  -----------  -------------
    Count=1                                                 6,112               
