////////////////////////////////////////////////////////////////////////////////
///////////////////InstallShield Media Library Report Summary///////////////////
////////////////////////////////////////////////////////////////////////////////

Media Name      : CD-ROM
Report Filename : D:\My Installations\CDEnable\Media\CD-ROM\Report Files\7-30-1998 11.53.45AM.rpt
Date            : 07/30/1998
Time            : 11:53AM

Number of Components:                2 
Number of File Groups:               2 
Number of Files:                     2 
Total Size of Files:            36,000 (bytes)

==========
COMPONENTS
==========


     Program Files
     Shared DLLs


////////////////////////////////////////////////////////////////////////////////
/////////////////////////////////Report Details/////////////////////////////////
////////////////////////////////////////////////////////////////////////////////


================================================================================
                           COMPONENT: "Program Files"
================================================================================

SUMMARY:
    Total Files:                1 (files for this component only)
    Source Bytes:          25,600 (files for this component only)


                **** File Group: "Program Executable Files" ****


<Directory>: I:\execdos.comm

    Filename                    Date        Time      Size         Version      
    --------------------------  ----------  --------  -----------  -------------
    cdenable.exe                11/11/1997  03:13:12       25,600               
    --------------------------  ----------  --------  -----------  -------------
    Count=1                                                25,600               


================================================================================
                            COMPONENT: "Shared DLLs"
================================================================================

SUMMARY:
    Total Files:                1 (files for this component only)
    Source Bytes:          36,000 (files for this component only)


                      **** File Group: "Shared DLLs" ****


<Directory>: I:\execdos.comm

    Filename                    Date        Time      Size         Version      
    --------------------------  ----------  --------  -----------  -------------
    cdenable.vxd                07/29/1998  02:00:08       10,400               
    --------------------------  ----------  --------  -----------  -------------
    Count=1                                                10,400               
