////////////////////////////////////////////////////////////////////////////////
///////////////////InstallShield Media Library Report Summary///////////////////
////////////////////////////////////////////////////////////////////////////////

Media Name      : Floppies
Report Filename : D:\My Installations\Executor-DOS Demo\Media\Floppies\Report Files\3-21-1999 3.50.00PM.rpt
Date            : 03/21/1999
Time            : 3:50PM

Number of Components:                3 
Number of File Groups:               3 
Number of Files:                   136 
Total Size of Files:        11,115,279 (bytes)

==========
COMPONENTS
==========


     Executor
     CD Enable
         CD vxd


////////////////////////////////////////////////////////////////////////////////
/////////////////////////////////Report Details/////////////////////////////////
////////////////////////////////////////////////////////////////////////////////


================================================================================
                             COMPONENT: "Executor"
================================================================================

SUMMARY:
    Total Files:              134 (files for this component only)
    Source Bytes:      11,079,279 (files for this component only)


                        **** File Group: "Executor" ****


<Directory>: I:\execdos.demo

    Filename                    Date        Time      Size         Version      
    --------------------------  ----------  --------  -----------  -------------
    cwsdpmi.exe                 10/19/1997  21:48:14       20,473               
    emu387.dxe                  07/16/1995  15:59:38       61,420               
    executor.exe                03/21/1999  15:29:28    2,405,888               
    executor.pif                11/10/1997  15:34:44          967               
    exsystem.hfv                12/01/1997  21:41:46    6,291,456               
    extemp.hfv                  06/10/1997  18:43:12    2,097,152               
    makehfv.exe                 08/11/1996  22:12:46      110,108               
    print.bat                   12/30/1997  11:43:18          882               
    printdef.ini                10/01/1997  22:32:20           99               
    printers.ini                12/30/1997  11:40:40        2,021               
    readme.txt                  03/21/1999  15:31:06        2,131               
    tips.txt                    09/24/1998  16:55:20        2,650               
    fees.txt                    03/17/1999  14:15:24          815               
    dirMap-le                   05/04/1998  03:27:36            0               
    --------------------------  ----------  --------  -----------  -------------
    Count=14                                           10,996,062               


<Directory>: I:\execdos.demo\trouble

    Filename                    Date        Time      Size         Version      
    --------------------------  ----------  --------  -----------  -------------
    vgaonly.pif                 11/10/1997  15:34:44          967               
    desperat.pif                11/10/1997  15:34:44          967               
    readme.txt                  11/10/1997  15:34:44        1,116               
    --------------------------  ----------  --------  -----------  -------------
    Count=3                                                 3,050               


<Directory>: I:\execdos.demo\docs

    Filename                    Date        Time      Size         Version      
    --------------------------  ----------  --------  -----------  -------------
    readme                      06/10/1997  19:03:46          589               
    --------------------------  ----------  --------  -----------  -------------
    Count=1                                                   589               


<Directory>: I:\execdos.demo\docs\cwsdpmi

    Filename                    Date        Time      Size         Version      
    --------------------------  ----------  --------  -----------  -------------
    cwsdpmi.doc                 06/10/1997  18:14:50        7,186               
    --------------------------  ----------  --------  -----------  -------------
    Count=1                                                 7,186               


<Directory>: I:\execdos.demo\docs\djgpp

    Filename                    Date        Time      Size         Version      
    --------------------------  ----------  --------  -----------  -------------
    copying.dj                  06/10/1997  18:37:16        1,620               
    --------------------------  ----------  --------  -----------  -------------
    Count=1                                                 1,620               


<Directory>: I:\execdos.demo\docs\wmemu387

    Filename                    Date        Time      Size         Version      
    --------------------------  ----------  --------  -----------  -------------
    linux.txt                   06/10/1997  18:38:30       16,359               
    copying                     06/10/1997  18:39:56       18,323               
    djgpp.txt                   06/10/1997  18:39:18          899               
    --------------------------  ----------  --------  -----------  -------------
    Count=3                                                35,581               


<Directory>: I:\execdos.demo\configur

    Filename                    Date        Time      Size         Version      
    --------------------------  ----------  --------  -----------  -------------
    32362e32.ecf                10/21/1997  16:21:34          330               
    3842494d.ecf                10/21/1997  16:21:34          436               
    3f3f3f3f.ecf                10/21/1997  16:21:34          366               
    41443344.ecf                10/21/1997  16:21:34          344               
    414f7163.ecf                10/21/1997  16:21:34          357               
    41525435.ecf                10/21/1997  16:21:34          455               
    41527c46.ecf                10/21/1997  16:21:34          328               
    4154726e.ecf                10/21/1997  16:21:34          343               
    4164426b.ecf                10/21/1997  16:21:34          326               
    41706569.ecf                10/21/1997  16:21:34          339               
    42454132.ecf                10/21/1997  16:21:34          344               
    424f4c4f.ecf                10/21/1997  16:21:34          310               
    426163d5.ecf                10/21/1997  16:21:34          365               
    42646c6d.ecf                10/21/1997  16:21:34          372               
    426e4871.ecf                10/21/1997  16:21:34          324               
    43475246.ecf                10/21/1997  16:21:34          348               
    43504354.ecf                10/21/1997  16:21:34          316               
    4352534c.ecf                10/21/1997  16:21:34          359               
    4354494d.ecf                10/21/1997  16:21:34          370               
    43555341.ecf                10/21/1997  16:21:34          357               
    43574c44.ecf                10/21/1997  16:21:34          361               
    43595153.ecf                10/21/1997  16:21:34          126               
    43764d4d.ecf                10/21/1997  16:21:34          312               
    4444534b.ecf                10/21/1997  16:21:34          357               
    44454c49.ecf                10/21/1997  16:21:34          349               
    44494132.ecf                10/21/1997  16:21:34          227               
    444f4c4c.ecf                10/21/1997  16:21:34          350               
    44576174.ecf                10/21/1997  16:21:34          348               
    44616e47.ecf                10/21/1997  16:21:34          126               
    454a3035.ecf                10/21/1997  16:21:34          312               
    45535041.ecf                10/21/1997  16:21:34          332               
    455544c6.ecf                10/21/1997  16:21:34          280               
    46424420.ecf                10/21/1997  16:21:34          334               
    466c6974.ecf                10/21/1997  16:21:34          338               
    46756e47.ecf                10/21/1997  16:21:34          331               
    47436f6e.ecf                10/21/1997  16:21:34          430               
    474f474f.ecf                09/24/1998  16:50:40          363               
    47534361.ecf                10/21/1997  16:21:34          334               
    47756e53.ecf                10/21/1997  16:21:34          126               
    483444c6.ecf                10/21/1997  16:21:34          362               
    48525630.ecf                10/21/1997  16:21:34          374               
    48525631.ecf                10/21/1997  16:21:34          375               
    48734c61.ecf                10/21/1997  16:21:34          337               
    496d6167.ecf                10/21/1997  16:21:34          343               
    4a4b5445.ecf                10/21/1997  16:21:34          126               
    4a524735.ecf                10/21/1997  16:21:34          343               
    4a70616b.ecf                10/21/1997  16:21:34          323               
    4b705353.ecf                10/21/1997  16:21:34          328               
    4c415a48.ecf                10/21/1997  16:21:34          273               
    4c505243.ecf                10/21/1997  16:21:34          324               
    4d427264.ecf                10/21/1997  16:21:34          364               
    4d4b444e.ecf                10/21/1997  16:21:34          165               
    4d4d4343.ecf                10/21/1997  16:21:34          347               
    4d4d5042.ecf                10/21/1997  16:21:34          363               
    4d504e54.ecf                10/21/1997  16:21:34          265               
    4d535744.ecf                10/21/1997  16:21:34          331               
    4d61656c.ecf                10/21/1997  16:21:34          337               
    4d687a75.ecf                10/21/1997  16:21:34          351               
    4d6f6c54.ecf                10/21/1997  16:21:34          321               
    50217268.ecf                10/21/1997  16:21:34          276               
    50474150.ecf                10/21/1997  16:21:34          336               
    504c5073.ecf                10/21/1997  16:21:34          272               
    504e4331.ecf                10/21/1997  16:21:34          157               
    50505456.ecf                10/21/1997  16:21:34          333               
    50566d74.ecf                10/21/1997  16:21:34          126               
    50674c67.ecf                10/21/1997  16:21:34          364               
    506fc450.ecf                10/21/1997  16:21:34          432               
    50736f64.ecf                10/21/1997  16:21:34          392               
    51444c58.ecf                10/21/1997  16:21:34          331               
    522a6368.ecf                10/21/1997  16:21:34          371               
    52415a5a.ecf                10/21/1997  16:21:34          334               
    5249534b.ecf                10/21/1997  16:21:34          336               
    524a4253.ecf                10/21/1997  16:21:34          175               
    524c4d5a.ecf                10/21/1997  16:21:34          417               
    52565253.ecf                10/21/1997  16:21:34          126               
    526a3031.ecf                10/21/1997  16:21:34          324               
    53414e54.ecf                10/21/1997  16:21:34          329               
    53495421.ecf                10/21/1997  16:21:34          374               
    53495478.ecf                10/21/1997  16:21:34          329               
    534d4c53.ecf                10/21/1997  16:21:34          326               
    53635246.ecf                10/21/1997  16:21:34          373               
    5368537a.ecf                10/21/1997  16:21:34          126               
    53704a4b.ecf                10/21/1997  16:21:34          337               
    53706563.ecf                10/21/1997  16:21:34          324               
    5370696e.ecf                10/21/1997  16:21:34          320               
    54424235.ecf                10/21/1997  16:21:34          338               
    54424236.ecf                10/21/1997  16:21:34          335               
    544b4e4f.ecf                10/21/1997  16:21:34          166               
    54745264.ecf                10/21/1997  16:21:36          165               
    54775231.ecf                10/21/1997  16:21:36          321               
    55505550.ecf                10/21/1997  16:21:36          329               
    556c7433.ecf                10/21/1997  16:21:36          364               
    57435345.ecf                10/21/1997  16:21:36          320               
    574f4c46.ecf                10/21/1997  16:21:36          363               
    57504332.ecf                10/21/1997  16:21:36          323               
    5843454c.ecf                10/21/1997  16:21:36          323               
    58505233.ecf                10/21/1997  16:21:36          362               
    63417244.ecf                10/21/1997  16:21:36          345               
    674f4c46.ecf                10/21/1997  16:21:36          353               
    6c6f6733.ecf                10/21/1997  16:21:36          329               
    6f7a6d35.ecf                10/21/1997  16:21:36          346               
    72647020.ecf                10/21/1997  16:21:36          324               
    72706db5.ecf                10/21/1997  16:21:36          360               
    73506433.ecf                03/17/1999  15:26:20          303               
    a78ea8a0.ecf                10/21/1997  16:21:36          328               
    a7bfc2a2.ecf                10/21/1997  16:21:36          320               
    ac7e5ea0.ecf                10/21/1997  16:21:36          126               
    f5536b69.ecf                10/21/1997  16:21:36          350               
    57494c44.ecf                10/06/1998  14:26:24          323               
    434c4144.ecf                03/16/1999  14:27:30          276               
    4d917263.ecf                03/10/1999  14:55:40          282               
    --------------------------  ----------  --------  -----------  -------------
    Count=111                                              35,191               


================================================================================
                             COMPONENT: "CD Enable"
================================================================================

SUMMARY:
    Total Files:                1 (files for this component only)
    Source Bytes:      11,104,879 (files for this component only)


                    **** File Group: "cdenable program" ****


<Directory>: I:\execdos.demo

    Filename                    Date        Time      Size         Version      
    --------------------------  ----------  --------  -----------  -------------
    cdenable.exe                11/11/1997  03:13:12       25,600               
    --------------------------  ----------  --------  -----------  -------------
    Count=1                                                25,600               


================================================================================
                         COMPONENT: "CD Enable\CD vxd"
================================================================================

SUMMARY:
    Total Files:                1 (files for this component only)
    Source Bytes:      11,115,279 (files for this component only)


                      **** File Group: "cdenable vxd" ****


<Directory>: I:\execdos.demo

    Filename                    Date        Time      Size         Version      
    --------------------------  ----------  --------  -----------  -------------
    cdenable.vxd                07/29/1998  02:00:08       10,400               
    --------------------------  ----------  --------  -----------  -------------
    Count=1                                                10,400               
