////////////////////////////////////////////////////////////////////////////////
///////////////////InstallShield Media Library Report Summary///////////////////
////////////////////////////////////////////////////////////////////////////////

Media Name      : CD-ROM
Report Filename : D:\My Installations\Executor-Win32 Demo\Media\CD-ROM\Report Files\10-17-1997 1.32.26PM.rpt
Date            : 10/17/1997
Time            : 1:32PM

Number of Components:                1 
Number of File Groups:               1 
Number of Files:                    13 
Total Size of Files:        11,571,713 (bytes)

==========
COMPONENTS
==========


     Executor Component


////////////////////////////////////////////////////////////////////////////////
/////////////////////////////////Report Details/////////////////////////////////
////////////////////////////////////////////////////////////////////////////////


================================================================================
                        COMPONENT: "Executor Component"
================================================================================

SUMMARY:
    Total Files:               13 (files for this component only)
    Source Bytes:      11,571,713 (files for this component only)


                     **** File Group: "Executor Files" ****


<Directory>: I:\execwin32.demo

    Filename                    Date        Time      Size         Version      
    --------------------------  ----------  --------  -----------  -------------
    makehfv.exe                 08/11/1996  22:12:46      110,108               
    cwsdpmi.exe                 06/10/1997  17:26:32       20,217               
    emu387.dxe                  06/10/1997  17:27:34       61,420               
    executor.exe                10/17/1997  07:10:40    2,946,048               
    exsystem.hfv                10/10/1997  16:17:48    6,291,456               
    extemp.hfv                  06/10/1997  18:43:12    2,097,152               
    executor.lnk                10/13/1997  15:04:30          336               
    --------------------------  ----------  --------  -----------  -------------
    Count=7                                            11,526,737               


<Directory>: I:\execwin32.demo\docs

    Filename                    Date        Time      Size         Version      
    --------------------------  ----------  --------  -----------  -------------
    readme                      06/10/1997  19:03:46          589               
    --------------------------  ----------  --------  -----------  -------------
    Count=1                                                   589               


<Directory>: I:\execwin32.demo\docs\cwsdpmi

    Filename                    Date        Time      Size         Version      
    --------------------------  ----------  --------  -----------  -------------
    cwsdpmi.doc                 06/10/1997  18:14:50        7,186               
    --------------------------  ----------  --------  -----------  -------------
    Count=1                                                 7,186               


<Directory>: I:\execwin32.demo\docs\djgpp

    Filename                    Date        Time      Size         Version      
    --------------------------  ----------  --------  -----------  -------------
    copying.dj                  06/10/1997  18:37:16        1,620               
    --------------------------  ----------  --------  -----------  -------------
    Count=1                                                 1,620               


<Directory>: I:\execwin32.demo\docs\wmemu387

    Filename                    Date        Time      Size         Version      
    --------------------------  ----------  --------  -----------  -------------
    linux.txt                   06/10/1997  18:38:30       16,359               
    copying                     06/10/1997  18:39:56       18,323               
    djgpp.txt                   06/10/1997  18:39:18          899               
    --------------------------  ----------  --------  -----------  -------------
    Count=3                                                35,581               
