////////////////////////////////////////////////////////////////////////////////
///////////////////InstallShield Media Library Report Summary///////////////////
////////////////////////////////////////////////////////////////////////////////

Media Name      : CD-ROM
Report Filename : D:\My Installations\Executor-Win32 Demo\Media\CD-ROM\Report Files\10-21-1997 3.33.28PM.rpt
Date            : 10/21/1997
Time            : 3:33PM

Number of Components:                1 
Number of File Groups:               1 
Number of Files:                    18 
Total Size of Files:        11,594,550 (bytes)

==========
COMPONENTS
==========


     Executor Component


////////////////////////////////////////////////////////////////////////////////
/////////////////////////////////Report Details/////////////////////////////////
////////////////////////////////////////////////////////////////////////////////


================================================================================
                        COMPONENT: "Executor Component"
================================================================================

SUMMARY:
    Total Files:               18 (files for this component only)
    Source Bytes:      11,594,550 (files for this component only)


                     **** File Group: "Executor Files" ****


<Directory>: I:\execwin32.demo

    Filename                    Date        Time      Size         Version      
    --------------------------  ----------  --------  -----------  -------------
    box.exe                     09/27/1997  14:06:08       19,139               
    box.txt                     10/17/1997  13:58:10          230               
    cwsdpmi.exe                 06/10/1997  17:26:32       20,217               
    emu387.dxe                  06/10/1997  17:27:34       61,420               
    executor.exe                10/21/1997  09:31:10    2,946,560               
    executor.lnk                10/13/1997  15:04:30          336               
    exsystem.hfv                10/10/1997  16:17:48    6,291,456               
    extemp.hfv                  06/10/1997  18:43:12    2,097,152               
    makehfv.exe                 08/11/1996  22:12:46      110,108               
    print.bat                   10/14/1997  18:04:52          860               
    printdef.ini                10/01/1997  22:32:20           99               
    printers.ini                10/03/1997  14:50:32        1,997               
    --------------------------  ----------  --------  -----------  -------------
    Count=12                                           11,549,574               


<Directory>: I:\execwin32.demo\docs

    Filename                    Date        Time      Size         Version      
    --------------------------  ----------  --------  -----------  -------------
    readme                      06/10/1997  19:03:46          589               
    --------------------------  ----------  --------  -----------  -------------
    Count=1                                                   589               


<Directory>: I:\execwin32.demo\docs\cwsdpmi

    Filename                    Date        Time      Size         Version      
    --------------------------  ----------  --------  -----------  -------------
    cwsdpmi.doc                 06/10/1997  18:14:50        7,186               
    --------------------------  ----------  --------  -----------  -------------
    Count=1                                                 7,186               


<Directory>: I:\execwin32.demo\docs\djgpp

    Filename                    Date        Time      Size         Version      
    --------------------------  ----------  --------  -----------  -------------
    copying.dj                  06/10/1997  18:37:16        1,620               
    --------------------------  ----------  --------  -----------  -------------
    Count=1                                                 1,620               


<Directory>: I:\execwin32.demo\docs\wmemu387

    Filename                    Date        Time      Size         Version      
    --------------------------  ----------  --------  -----------  -------------
    linux.txt                   06/10/1997  18:38:30       16,359               
    copying                     06/10/1997  18:39:56       18,323               
    djgpp.txt                   06/10/1997  18:39:18          899               
    --------------------------  ----------  --------  -----------  -------------
    Count=3                                                35,581               
