////////////////////////////////////////////////////////////////////////////////
///////////////////InstallShield Media Library Report Summary///////////////////
////////////////////////////////////////////////////////////////////////////////

Media Name      : CD-ROM
Report Filename : D:\My Installations\Executor-Win32 Demo\Media\CD-ROM\Report Files\11-22-1997 4.43.35PM.rpt
Date            : 11/22/1997
Time            : 4:43PM

Number of Components:                5 
Number of File Groups:               5 
Number of Files:                     0 
Total Size of Files:                 0 (bytes)

==========
COMPONENTS
==========


     Executor Component
     CD vxd
     CD Enable
     NT CD Enable
         NT CD sys files


////////////////////////////////////////////////////////////////////////////////
/////////////////////////////////Report Details/////////////////////////////////
////////////////////////////////////////////////////////////////////////////////


================================================================================
                                 COMPONENT: ""
================================================================================

SUMMARY:
    Total Files:                0 (files for this component only)
    Source Bytes:               0 (files for this component only)
